Fetching opportunities...
Total opportunities: 24

--- Test 1: Priya Kumari (Age 19, Female, SC, 12th Pass) ---
Interests: ['Finance', 'Education']
Matches: 4
  [OK] PM Kaushal Vikas Yojana (Government Scheme) | Education | Pan India
  [OK] Stand Up India Scheme (Government Scheme) | Finance | Pan India
  [OK] Atal Pension Yojana (Government Scheme) | Finance | Pan India
  [OK] PM Mudra Yojana (Government Scheme) | Finance | Pan India

--- Test 2: Rahul Sharma (Age 26, Male, B.Tech, 1-2 Years) ---
Skills: ['Python', 'SQL', 'Web Development', 'JavaScript']
Matches: 5
  [OK] Full-Stack Developer (Job) | Technology | Remote
  [OK] Software Development Intern (Internship) | Technology | Bangalore, KA
  [OK] Digital India Internship Scheme (Government Scheme) | Technology | Pan India
  [OK] Junior Python Developer (Job) | Technology | Bangalore, KA
  [OK] Data Science Intern (Internship) | Technology | Hyderabad, TS

--- Test 3: Amit Singh (Age 22, 12th Pass) ---
Interests: ['Marketing', 'BPO']
Matches: 2
  [OK] Digital Marketing Intern (Internship) | Marketing | Remote
  [OK] Customer Support Executive (Job) | BPO | Gurgaon, HR

--- Test 4: Sunita Devi (Age 30, Female, ST, Graduate) ---
Interests: ['Finance', 'Social Service']
Matches: 5
  [OK] PM Mudra Yojana (Government Scheme) | Finance | Pan India
  [OK] Accounts Executive (Job) | Finance | Jaipur, RJ
  [OK] Start-up India Seed Fund (Government Scheme) | Finance | Pan India
  [OK] Stand Up India Scheme (Government Scheme) | Finance | Pan India
  [OK] Atal Pension Yojana (Government Scheme) | Finance | Pan India

--- Test 5: Anjali R. (Age 24, B.Sc Nursing) ---
Interests: ['Healthcare']
Matches: 1
  [OK] Nurse / Medical Assistant (Job) | Healthcare | Chennai, TN

[PASS] All test cases complete.
